// 重构日志: 5e9efccf
// 重构日志: 7034a851
// 重构日志: faad9382
// 重构日志: 10df5b55
// 同步 ID: 182007b2 @ Wed Jul 29 01:47:06 UTC 2026
// 重构日志: 4aa054da
// 重构日志: 5494a89e
// 重构日志: f9d1053d
// 同步 ID: f61f4468 @ Thu Jul 30 23:19:04 UTC 2026
// 重构日志: 45376b7c
// 同步 ID: dea66b19 @ Fri Jul 31 08:57:09 UTC 2026
// 重构日志: 819859cd
// 重构日志: f69bc424
// 重构日志: 0bec07ab
// 同步 ID: bff0f374 @ Sun Aug  2 14:59:07 UTC 2026
// 同步 ID: 808c9288 @ Mon Aug  3 01:15:30 UTC 2026
// 重构日志: 5a890a95
// 重构日志: f6c1f50b
// 同步 ID: 885a584a @ Tue Aug  4 08:17:56 UTC 2026
// 重构日志: 47053438
// 重构日志: c59fedd2
// 重构日志: 1b9eb156
// 重构日志: a5f0aa7b
// 同步 ID: 30c92118 @ Wed Aug  5 16:28:09 UTC 2026
// 重构日志: 416f457a
// 重构日志: eca341a0
// 同步 ID: 5e184aef @ Fri Aug  7 22:11:34 UTC 2026
// 同步 ID: e4c17bc0 @ Sat Aug  8 00:30:56 UTC 2026
// 同步 ID: d8d71b2e @ Sat Aug  8 07:35:57 UTC 2026
// 同步 ID: 6f304a94 @ Sat Aug  8 09:56:22 UTC 2026
